
Run     SWR     Gain    F/B     F/R     R-a     X-a     Eff.    %Res.   %Stp  Lr      Ld      Ld1     xr      xd1     s       

1-0     6.4509  7.6     14.55   8.76    57.714  115.03  99.72   0    	0    	1.65    1.5     1.35    -0.3    0.3     0.02    
1       6.4485  7.6     14.53   8.77    57.75   115.03  99.72   -3e-3	0.1  	1.6517  1.5     1.35    -0.3    0.3     0.02    
1       6.5929  7.6     14.58   8.75    58.097  117.12  99.72   -0.01	0.1  	1.65    1.5015  1.35    -0.3    0.3     0.02    
1       6.7206  7.62    14.2    8.85    55.961  116.57  99.72   -0.07	0.1  	1.65    1.5     1.3514  -0.3    0.3     0.02    
1       6.4505  7.6     14.55   8.76    57.734  115.04  99.72   -6e-5	0.1  	1.65    1.5     1.35    -0.3    0.3     0.02    
1       6.4741  7.6     14.53   8.77    57.668  115.27  99.72   -6e-3	0.1  	1.65    1.5     1.35    -0.3    0.3003  0.02    
1       6.4512  7.6     14.55   8.76    57.72   115.04  99.72   -7e-5	0.1  	1.65    1.5     1.35    -0.3    0.3     0.02    
1-1                                                                           -0.23   -0.754  -4.628  -4.e-3  -0.379  -4.e-3  

1-2     5.1598  5.45    8.96    3.77    145.97  123.56  99.9    -2.5 	10   	1.612   1.387   0.7252  -0.3    0.2886  0.02    
2       6.4485  7.6     14.53   8.77    57.75   115.03  99.72   -3e-3	0.1  	1.6517  1.5     1.35    -0.3    0.3     0.02    
2       6.5929  7.6     14.58   8.75    58.097  117.12  99.72   -0.01	0.1  	1.65    1.5015  1.35    -0.3    0.3     0.02    
2       6.7206  7.62    14.2    8.85    55.961  116.57  99.72   -0.07	0.1  	1.65    1.5     1.3514  -0.3    0.3     0.02    
2       6.4505  7.6     14.55   8.76    57.734  115.04  99.72   -6e-5	0.1  	1.65    1.5     1.35    -0.3    0.3     0.02    
2       6.4741  7.6     14.53   8.77    57.668  115.27  99.72   -6e-3	0.1  	1.65    1.5     1.35    -0.3    0.3003  0.02    
2       6.4512  7.6     14.55   8.76    57.72   115.04  99.72   -7e-5	0.1  	1.65    1.5     1.35    -0.3    0.3     0.02    
2-1                                                                           -0.23   -0.754  -4.628  -4.e-3  -0.379  -4.e-3  

2-2     5.8884  6.3     15.24   5.15    236.49  114.93  99.82   -1.45	2    	1.6424  1.4774  1.225   -0.3    0.2977  0.02    
3       6.4485  7.6     14.53   8.77    57.75   115.03  99.72   -3e-3	0.1  	1.6517  1.5     1.35    -0.3    0.3     0.02    
3       6.5929  7.6     14.58   8.75    58.097  117.12  99.72   -0.01	0.1  	1.65    1.5015  1.35    -0.3    0.3     0.02    
3       6.7206  7.62    14.2    8.85    55.961  116.57  99.72   -0.07	0.1  	1.65    1.5     1.3514  -0.3    0.3     0.02    
3       6.4505  7.6     14.55   8.76    57.734  115.04  99.72   -6e-5	0.1  	1.65    1.5     1.35    -0.3    0.3     0.02    
3       6.4741  7.6     14.53   8.77    57.668  115.27  99.72   -6e-3	0.1  	1.65    1.5     1.35    -0.3    0.3003  0.02    
3       6.4512  7.6     14.55   8.76    57.72   115.04  99.72   -7e-5	0.1  	1.65    1.5     1.35    -0.3    0.3     0.02    
3-1                                                                           -0.23   -0.754  -4.628  -4.e-3  -0.379  -4.e-3  

3-2     3.692   7.24    23.13   7.56    95.123  85.436  99.76   1.406	0.4  	1.6485  1.4955  1.325   -0.3    0.2995  0.02    
3-3     3.5898  6.94    32.14   6.7     139.1   71.104  99.78   1.095	0.4  	1.647   1.491   1.3005  -0.3    0.2991  0.02    
3-4     4.2614  6.69    21.72   6.03    181     73.679  99.8    -2.01	0.4  	1.6454  1.4865  1.2764  -0.3    0.2986  0.02    
4       4.2592  6.68    21.7    6.02    181.01  73.542  99.8    -9e-3	0.1  	1.6471  1.4865  1.2764  -0.3    0.2986  0.02    
4       4.3062  6.68    21.68   6.02    181.89  75.439  99.8    -0.02	0.1  	1.6454  1.488   1.2764  -0.3    0.2986  0.02    
4       4.2126  6.7     22.03   6.06    178.82  72.87   99.79   0.073	0.1  	1.6454  1.4865  1.2777  -0.3    0.2986  0.02    
4       4.2615  6.69    21.73   6.03    181.05  73.636  99.8    1.e-3	0.1  	1.6454  1.4865  1.2764  -0.3    0.2986  0.02    
4       4.2618  6.69    21.76   6.03    180.83  73.855  99.8    7.e-3	0.1  	1.6454  1.4865  1.2764  -0.3    0.2989  0.02    
4       4.2617  6.69    21.72   6.03    181.02  73.679  99.8    -1e-4	0.1  	1.6454  1.4865  1.2764  -0.3    0.2986  0.02    
4-1                                                                           -0.471  -1.143  3.9077  0.0744  0.3974  -6.e-3  

4-2     3.362   6.9     29.9    6.59    141.64  57.921  99.78   1.766	0.4  	1.6423  1.4797  1.2964  -0.3    0.2991  0.02    
4-3     2.7026  7.16    26.94   7.37    102.07  52.563  99.77   -0.05	0.4  	1.6392  1.4729  1.3166  -0.3    0.2996  0.02    
5       2.7018  7.16    26.98   7.37    102.09  52.52   99.77   6.e-3	0.1  	1.6409  1.4729  1.3166  -0.3    0.2996  0.02    
5       2.7526  7.16    27      7.37    102.54  54.413  99.77   2.e-3	0.1  	1.6392  1.4744  1.3166  -0.3    0.2996  0.02    
5       2.6902  7.17    26.11   7.42    99.774  53.103  99.76   -0.11	0.1  	1.6392  1.4729  1.3179  -0.3    0.2996  0.02    
5       2.7027  7.16    26.94   7.37    102.1   52.554  99.77   -1e-4	0.1  	1.6392  1.4729  1.3166  -0.3    0.2996  0.02    
5       2.7066  7.16    26.89   7.37    101.97  52.775  99.77   -8e-3	0.1  	1.6392  1.4729  1.3166  -0.3    0.2999  0.02    
5       2.7029  7.16    26.94   7.37    102.08  52.572  99.77   -8e-5	0.1  	1.6392  1.4729  1.3166  -0.3    0.2996  0.02    
5-1                                                                           0.2918  0.0968  -5.239  -7.e-3  -0.362  -4.e-3  

5-2     3.4406  6.83    26.29   6.39    152.1   52.36   99.79   -0.62	0.4  	1.6412  1.4735  1.289   -0.3    0.2992  0.02    
6       2.702   7.16    26.97   7.37    102.09  52.528  99.77   5.e-3	0.08 	1.6406  1.4729  1.3166  -0.3    0.2996  0.02    
6       2.7425  7.16    26.99   7.37    102.45  54.042  99.77   2.e-3	0.08 	1.6392  1.4741  1.3166  -0.3    0.2996  0.02    
6       2.6924  7.17    26.27   7.41    100.23  52.991  99.77   -0.09	0.08 	1.6392  1.4729  1.3177  -0.3    0.2996  0.02    
6       2.7027  7.16    26.94   7.37    102.09  52.556  99.77   -1e-4	0.08 	1.6392  1.4729  1.3166  -0.3    0.2996  0.02    
6       2.7058  7.16    26.9    7.37    101.99  52.733  99.77   -6e-3	0.08 	1.6392  1.4729  1.3166  -0.3    0.2998  0.02    
6       2.7029  7.16    26.94   7.37    102.08  52.57   99.77   -6e-5	0.08 	1.6392  1.4729  1.3166  -0.3    0.2996  0.02    
6-1                                                                           0.2737  0.1163  -5.236  -7.e-3  -0.363  -4.e-3  

6-2     2.7896  7.09    31.05   7.14    111.93  50.89   99.77   0.555	0.08 	1.6396  1.473   1.3111  -0.3    0.2995  0.02    
6-3     2.9165  7.02    34.89   6.93    121.93  50.038  99.78   0.488	0.08 	1.64    1.4732  1.3056  -0.3    0.2994  0.02    
6-4     3.0718  6.95    33.03   6.73    131.97  50.018  99.78   -0.38	0.08 	1.6403  1.4733  1.3001  -0.3    0.2993  0.02    
7       3.071   6.95    33.17   6.73    131.98  49.959  99.78   0.021	0.08 	1.6416  1.4733  1.3001  -0.3    0.2993  0.02    
7       3.1039  6.95    32.93   6.73    132.43  51.461  99.78   -0.02	0.08 	1.6403  1.4745  1.3001  -0.3    0.2993  0.02    
7       3.0411  6.96    33.75   6.76    130.08  49.976  99.78   0.127	0.08 	1.6403  1.4733  1.3012  -0.3    0.2993  0.02    
7       3.072   6.95    33.04   6.73    131.99  50.001  99.78   1.e-3	0.08 	1.6403  1.4733  1.3001  -0.3    0.2993  0.02    
7       3.0729  6.95    33.16   6.73    131.86  50.178  99.78   0.02 	0.08 	1.6403  1.4733  1.3001  -0.3    0.2996  0.02    
7       3.0721  6.95    33.03   6.73    131.98  50.023  99.78   -6e-5	0.08 	1.6403  1.4733  1.3001  -0.3    0.2993  0.02    
7-1                                                                           0.6675  -0.652  4.0038  0.0429  0.6318  -2.e-3  

7-2     2.9326  7       35.34   6.87    124.05  49.151  99.78   0.432	0.08 	1.6412  1.4726  1.3043  -0.3    0.2995  0.02    
7-3     2.8072  7.05    33.44   7.03    116.18  48.771  99.77   -0.2 	0.08 	1.6421  1.4718  1.3085  -0.3    0.2996  0.02    
8       2.8066  7.05    33.6    7.02    116.2   48.726  99.77   0.024	0.08 	1.6434  1.4718  1.3085  -0.3    0.2996  0.02    
8       2.8416  7.05    33.46   7.03    116.59  50.23   99.77   -3e-3	0.08 	1.6421  1.473   1.3085  -0.3    0.2996  0.02    
8       2.7839  7.06    32.52   7.06    114.3   48.972  99.77   -0.12	0.08 	1.6421  1.4718  1.3095  -0.3    0.2996  0.02    
8       2.8074  7.05    33.43   7.03    116.21  48.76   99.77   -2e-3	0.08 	1.6421  1.4718  1.3085  -0.3    0.2996  0.02    
8       2.8091  7.05    33.42   7.03    116.09  48.935  99.77   -3e-3	0.08 	1.6421  1.4718  1.3085  -0.3    0.2999  0.02    
8       2.8075  7.05    33.44   7.03    116.19  48.777  99.77   -6e-5	0.08 	1.6421  1.4718  1.3085  -0.3    0.2996  0.02    
8-1                                                                           0.9497  -0.1    -4.775  -0.065  -0.108  -3.e-3  

8-2     2.9302  6.99    35.73   6.84    125.18  48.019  99.78   0.254	0.08 	1.6433  1.4717  1.3035  -0.3    0.2996  0.02    
8-3     3.0733  6.93    32.42   6.67    134.17  47.945  99.78   -0.59	0.08 	1.6446  1.4715  1.2985  -0.3    0.2996  0.02    
9       3.0725  6.93    32.51   6.67    134.18  47.884  99.78   0.014	0.08 	1.6459  1.4715  1.2985  -0.3    0.2996  0.02    
9       3.1041  6.93    32.31   6.67    134.63  49.384  99.78   -0.02	0.08 	1.6446  1.4727  1.2985  -0.3    0.2996  0.02    
9       3.0412  6.94    33.28   6.7     132.29  47.859  99.78   0.149	0.08 	1.6446  1.4715  1.2995  -0.3    0.2996  0.02    
9       3.0734  6.93    32.43   6.67    134.19  47.927  99.78   1.e-3	0.08 	1.6446  1.4715  1.2985  -0.3    0.2996  0.02    
9       3.0741  6.93    32.54   6.67    134.06  48.101  99.78   0.019	0.08 	1.6446  1.4715  1.2985  -0.3    0.2998  0.02    
9       3.0735  6.93    32.42   6.67    134.17  47.949  99.78   -7e-5	0.08 	1.6446  1.4715  1.2985  -0.3    0.2996  0.02    
9-1                                                                           0.401   -0.649  4.3618  0.0398  0.5464  -2.e-3  

9-2     2.9186  6.98    36.04   6.82    125.64  46.917  99.78   0.638	0.08 	1.6451  1.4708  1.303   -0.3    0.2997  0.02    
9-3     2.7783  7.04    34.65   6.99    117.15  46.458  99.77   -0.11	0.08 	1.6456  1.47    1.3076  -0.3    0.2998  0.02    
10      2.7777  7.04    34.84   6.99    117.16  46.413  99.77   0.028	0.08 	1.6469  1.47    1.3076  -0.3    0.2998  0.02    
10      2.8113  7.04    34.67   6.99    117.55  47.916  99.77   -2e-3	0.08 	1.6456  1.4712  1.3076  -0.3    0.2998  0.02    
10      2.7534  7.05    33.64   7.03    115.28  46.634  99.77   -0.13	0.08 	1.6456  1.47    1.3086  -0.3    0.2998  0.02    
10      2.7785  7.04    34.64   6.99    117.17  46.447  99.77   -2e-3	0.08 	1.6456  1.47    1.3076  -0.3    0.2998  0.02    
10      2.7799  7.04    34.64   6.99    117.06  46.622  99.77   -1e-3	0.08 	1.6456  1.47    1.3076  -0.3    0.3001  0.02    
10      2.7785  7.04    34.65   6.99    117.16  46.465  99.77   -6e-5	0.08 	1.6456  1.47    1.3076  -0.3    0.2998  0.02    
10-1                                                                          1.0198  -0.086  -4.791  -0.059  -0.043  -2.e-3  

10-2    2.9085  6.98    36.32   6.81    126.13  45.847  99.78   0.158	0.08 	1.647   1.4699  1.3026  -0.3    0.2998  0.02    
10-3    3.0567  6.92    32.13   6.64    135.08  45.912  99.78   -0.71	0.08 	1.6483  1.4698  1.2976  -0.3    0.2998  0.02    
11      2.9084  6.98    36.36   6.81    126.13  45.836  99.78   6.e-3	0.016	1.6472  1.4699  1.3026  -0.3    0.2998  0.02    
11      2.9147  6.98    36.29   6.81    126.22  46.137  99.78   -5e-3	0.016	1.647   1.4702  1.3026  -0.3    0.2998  0.02    
11      2.9025  6.98    36.43   6.81    125.76  45.851  99.78   0.019	0.016	1.647   1.4699  1.3028  -0.3    0.2998  0.02    
11      2.9085  6.98    36.32   6.81    126.14  45.844  99.78   -3e-5	0.016	1.647   1.4699  1.3026  -0.3    0.2998  0.02    
11      2.9087  6.98    36.35   6.81    126.11  45.879  99.78   5.e-3	0.016	1.647   1.4699  1.3026  -0.3    0.2999  0.02    
11      2.9086  6.98    36.32   6.81    126.13  45.848  99.78   -2e-5	0.016	1.647   1.4699  1.3026  -0.3    0.2998  0.02    
11-1                                                                          1.0223  -0.95   3.2406  -5.e-3  0.78    -3.e-3  

11-2    2.8834  6.99    36.76   6.83    124.82  45.604  99.78   0.08 	0.016	1.6472  1.4697  1.3032  -0.3    0.2999  0.02    
11-3    2.8587  6.99    37.02   6.85    123.52  45.375  99.78   0.047	0.016	1.6475  1.4695  1.3039  -0.3    0.2999  0.02    
11-4    2.8342  7       37.07   6.87    122.21  45.157  99.78   0.022	0.016	1.6478  1.4692  1.3046  -0.3    0.2999  0.02    
11-5    2.81    7.01    36.9    6.9     120.91  44.951  99.78   -0.01	0.016	1.648   1.469   1.3053  -0.3    0.3     0.02    
12      2.8099  7.01    36.96   6.9     120.91  44.941  99.78   9.e-3	0.016	1.6483  1.469   1.3053  -0.3    0.3     0.02    
12      2.8163  7.01    36.89   6.9     120.99  45.242  99.78   -3e-3	0.016	1.648   1.4693  1.3053  -0.3    0.3     0.02    
12      2.8045  7.01    36.78   6.91    120.53  44.971  99.78   -0.02	0.016	1.648   1.469   1.3055  -0.3    0.3     0.02    
12      2.8101  7.01    36.9    6.9     120.91  44.948  99.78   -3e-5	0.016	1.648   1.469   1.3053  -0.3    0.3     0.02    
12      2.8103  7.01    36.92   6.9     120.89  44.983  99.78   3.e-3	0.016	1.648   1.469   1.3053  -0.3    0.3     0.02    
12      2.8101  7.01    36.9    6.9     120.91  44.952  99.78   -2e-5	0.016	1.648   1.469   1.3053  -0.3    0.3     0.02    
12-1                                                                          1.7892  -0.51   -3.081  -6.e-3  0.6105  -3.e-3  

12-2    2.8242  7       37.28   6.88    122.01  44.751  99.78   0.043	0.016	1.6485  1.4689  1.3046  -0.3    0.3     0.02    
12-3    2.8387  6.99    37.48   6.85    123.11  44.562  99.78   0.017	0.016	1.649   1.4688  1.304   -0.3    0.3     0.02    
12-4    2.8536  6.99    37.5    6.83    124.22  44.384  99.78   -4e-3	0.016	1.6495  1.4687  1.3033  -0.3    0.3001  0.02    
13      2.8534  6.99    37.56   6.83    124.22  44.374  99.78   9.e-3	0.016	1.6497  1.4687  1.3033  -0.3    0.3001  0.02    
13      2.8597  6.99    37.47   6.83    124.3   44.675  99.78   -5e-3	0.016	1.6495  1.4689  1.3033  -0.3    0.3001  0.02    
13      2.8477  6.99    37.56   6.84    123.84  44.393  99.78   0.011	0.016	1.6495  1.4687  1.3036  -0.3    0.3001  0.02    
13      2.8536  6.99    37.5    6.83    124.22  44.381  99.78   -3e-5	0.016	1.6495  1.4687  1.3033  -0.3    0.3001  0.02    
13      2.8538  6.99    37.53   6.83    124.2   44.416  99.78   4.e-3	0.016	1.6495  1.4687  1.3033  -0.3    0.3001  0.02    
13      2.8536  6.99    37.5    6.83    124.22  44.386  99.78   -2e-5	0.016	1.6495  1.4687  1.3033  -0.3    0.3001  0.02    
13-1                                                                          1.7577  -1.085  2.2533  -6.e-3  0.8947  -3.e-3  

13-2    2.8337  6.99    37.76   6.84    123.27  44.103  99.78   0.045	0.016	1.6499  1.4684  1.3038  -0.3    0.3001  0.02    
13-3    2.8139  7       37.91   6.87    122.33  43.827  99.78   0.034	0.016	1.6504  1.4682  1.3043  -0.3    0.3002  0.02    
13-4    2.7944  7       37.91   6.88    121.39  43.558  99.78   7.e-3	0.016	1.6509  1.4679  1.3048  -0.3    0.3002  0.02    
13-5    2.7749  7.01    37.77   6.9     120.44  43.295  99.78   -8e-3	0.016	1.6513  1.4676  1.3052  -0.3    0.3002  0.02    
14      2.7748  7.01    37.83   6.9     120.45  43.285  99.78   9.e-3	0.016	1.6516  1.4676  1.3052  -0.3    0.3002  0.02    
14      2.781   7.01    37.76   6.9     120.53  43.586  99.78   -2e-3	0.016	1.6513  1.4679  1.3052  -0.3    0.3002  0.02    
14      2.7692  7.01    37.61   6.9     120.07  43.315  99.78   -0.02	0.016	1.6513  1.4676  1.3054  -0.3    0.3002  0.02    
14      2.7749  7.01    37.77   6.9     120.45  43.292  99.78   -3e-5	0.016	1.6513  1.4676  1.3052  -0.3    0.3002  0.02    
14      2.7751  7.01    37.78   6.9     120.43  43.327  99.78   2.e-3	0.016	1.6513  1.4676  1.3052  -0.3    0.3003  0.02    
14      2.7749  7.01    37.77   6.9     120.45  43.296  99.78   -2e-5	0.016	1.6513  1.4676  1.3052  -0.3    0.3002  0.02    
14-1                                                                          1.5577  -0.443  -3.72   -5.e-3  0.2715  -3.e-3  

14-2    2.7934  7       38.29   6.87    121.79  43.096  99.78   0.062	0.016	1.6517  1.4675  1.3044  -0.3    0.3003  0.02    
14-3    2.8124  6.99    38.47   6.84    123.14  42.915  99.78   0.012	0.016	1.6521  1.4674  1.3037  -0.3    0.3003  0.02    
14-4    2.8319  6.98    38.28   6.81    124.49  42.748  99.78   -0.04	0.016	1.6526  1.4673  1.3029  -0.3    0.3003  0.02    
15      2.8124  6.99    38.48   6.84    123.14  42.913  99.78   1.e-3	3.e-3	1.6522  1.4674  1.3037  -0.3    0.3003  0.02    
15      2.8136  6.99    38.46   6.84    123.16  42.972  99.78   -2e-3	3.e-3	1.6521  1.4675  1.3037  -0.3    0.3003  0.02    
15      2.8113  6.99    38.47   6.84    123.07  42.917  99.78   5.e-4	3.e-3	1.6521  1.4674  1.3037  -0.3    0.3003  0.02    
15      2.8124  6.99    38.47   6.84    123.14  42.914  99.78   -1e-5	3.e-3	1.6521  1.4674  1.3037  -0.3    0.3003  0.02    
15      2.8125  6.99    38.47   6.84    123.14  42.922  99.78   9.e-6	3.e-3	1.6521  1.4674  1.3037  -0.3    0.3003  0.02    
15      2.8124  6.99    38.47   6.84    123.14  42.915  99.78   -7e-6	3.e-3	1.6521  1.4674  1.3037  -0.3    0.3003  0.02    
15-1                                                                          2.3966  -2.744  0.8124  -0.021  0.0155  -0.011  

15-2    2.8081  6.99    38.52   6.84    123.04  42.752  99.78   8.e-3	3.e-3	1.6523  1.4673  1.3037  -0.3    0.3003  0.02    
