
Run     SWR     Gain    F/B     F/R     R-a     X-a     Eff.    %Res.   %Stp  Lr      Ld      Ld1     xr      xd1     

1-0     4.8199  7.62    14.5    9.09    14.5    30.57   99.95   0    	0    	1.65    1.5     1.35    -0.3    0.3     
1       4.8171  7.62    14.48   9.1     14.509  30.571  99.95   -3e-3	0.1  	1.6517  1.5     1.35    -0.3    0.3     
1       4.8482  7.62    14.53   9.09    14.576  31.165  99.95   3.e-3	0.1  	1.65    1.5015  1.35    -0.3    0.3     
1       5.0012  7.64    14.15   9.2     14.06   30.962  99.95   -0.07	0.1  	1.65    1.5     1.3514  -0.3    0.3     
1       4.8186  7.62    14.5    9.1     14.505  30.574  99.95   2.e-4	0.1  	1.65    1.5     1.35    -0.3    0.3     
1       4.8289  7.62    14.48   9.1     14.488  30.631  99.95   -5e-3	0.1  	1.65    1.5     1.35    -0.3    0.3003  
1-1                                                                           -0.195  0.1693  -4.351  9.8e-3  -0.275  

1-2     5.1094  5.54    8.8     4.07    60.216  99.23   99.96   -2.08	10   	1.6178  1.5254  0.7626  -0.3    0.2917  
2       4.8171  7.62    14.48   9.1     14.509  30.571  99.95   -3e-3	0.1  	1.6517  1.5     1.35    -0.3    0.3     
2       4.8482  7.62    14.53   9.09    14.576  31.165  99.95   3.e-3	0.1  	1.65    1.5015  1.35    -0.3    0.3     
2       5.0012  7.64    14.15   9.2     14.06   30.962  99.95   -0.07	0.1  	1.65    1.5     1.3514  -0.3    0.3     
2       4.8186  7.62    14.5    9.1     14.505  30.574  99.95   2.e-4	0.1  	1.65    1.5     1.35    -0.3    0.3     
2       4.8289  7.62    14.48   9.1     14.488  30.631  99.95   -5e-3	0.1  	1.65    1.5     1.35    -0.3    0.3003  
2-1                                                                           -0.195  0.1693  -4.351  9.8e-3  -0.275  

2-2     1.9763  6.35    15.63   5.44    64.116  36.699  99.95   -0.12	2    	1.6436  1.5051  1.2325  -0.3    0.2983  
3       4.8171  7.62    14.48   9.1     14.509  30.571  99.95   -3e-3	0.1  	1.6517  1.5     1.35    -0.3    0.3     
3       4.8482  7.62    14.53   9.09    14.576  31.165  99.95   3.e-3	0.1  	1.65    1.5015  1.35    -0.3    0.3     
3       5.0012  7.64    14.15   9.2     14.06   30.962  99.95   -0.07	0.1  	1.65    1.5     1.3514  -0.3    0.3     
3       4.8186  7.62    14.5    9.1     14.505  30.574  99.95   2.e-4	0.1  	1.65    1.5     1.35    -0.3    0.3     
3       4.8289  7.62    14.48   9.1     14.488  30.631  99.95   -5e-3	0.1  	1.65    1.5     1.35    -0.3    0.3003  
3-1                                                                           -0.195  0.1693  -4.351  9.8e-3  -0.275  

3-2     2.7564  7.27    22.54   7.69    23.707  25.205  99.95   1.477	0.4  	1.6487  1.501   1.3265  -0.3    0.2997  
3-3     1.9143  6.97    33.84   6.81    34.779  22.972  99.95   1.831	0.4  	1.6474  1.502   1.3034  -0.3    0.2993  
3-4     1.6664  6.73    22.53   6.23    46.003  24.433  99.95   -1.76	0.4  	1.6461  1.503   1.2807  -0.3    0.299   
4       1.6653  6.73    22.52   6.22    46.003  24.4    99.95   -2e-3	0.1  	1.6478  1.503   1.2807  -0.3    0.299   
4       1.6828  6.73    22.49   6.22    46.211  25.014  99.95   -7e-3	0.1  	1.6461  1.5046  1.2807  -0.3    0.299   
4       1.6702  6.74    22.88   6.25    45.401  24.276  99.95   0.06 	0.1  	1.6461  1.503   1.282   -0.3    0.299   
4       1.6658  6.73    22.53   6.23    46.015  24.422  99.95   1.e-4	0.1  	1.6461  1.503   1.2807  -0.3    0.299   
4       1.6687  6.73    22.57   6.23    45.961  24.483  99.95   6.e-3	0.1  	1.6461  1.503   1.2807  -0.3    0.2993  
4-1                                                                           -0.102  -0.48   3.9993  7.6e-3  0.4105  

4-2     1.8547  6.95    32.34   6.76    35.637  22.26   99.95   1.668	0.4  	1.6455  1.5002  1.3012  -0.3    0.2995  
4-3     2.4987  7.22    24.61   7.52    25.365  23.09   99.95   -1.14	0.4  	1.6448  1.4973  1.322   -0.3    0.3     
5       2.4977  7.22    24.62   7.52    25.372  23.081  99.95   2.e-3	0.1  	1.6464  1.4973  1.322   -0.3    0.3     
5       2.5129  7.22    24.67   7.52    25.489  23.665  99.95   9.e-3	0.1  	1.6448  1.4988  1.322   -0.3    0.3     
5       2.5621  7.24    23.91   7.58    24.77   23.303  99.95   -0.11	0.1  	1.6448  1.4973  1.3234  -0.3    0.3     
5       2.498   7.22    24.61   7.53    25.372  23.089  99.95   1.e-4	0.1  	1.6448  1.4973  1.322   -0.3    0.3     
5       2.5033  7.22    24.56   7.53    25.342  23.15   99.95   -9e-3	0.1  	1.6448  1.4973  1.322   -0.3    0.3003  
5-1                                                                           0.0669  0.3399  -4.258  3.9e-3  -0.332  

5-2     1.8164  6.93    31.21   6.72    36.369  21.941  99.95   1.028	0.4  	1.6452  1.4993  1.2995  -0.3    0.2996  
5-3     1.644   6.7     21.74   6.16    47.282  24.27   99.95   -1.51	0.4  	1.6457  1.5014  1.2774  -0.3    0.2992  
6       1.6429  6.7     21.73   6.16    47.283  24.235  99.95   -2e-3	0.1  	1.6473  1.5014  1.2774  -0.3    0.2992  
6       1.6605  6.7     21.71   6.16    47.495  24.854  99.95   -6e-3	0.1  	1.6457  1.5029  1.2774  -0.3    0.2992  
6       1.6455  6.71    22.06   6.19    46.698  24.089  99.95   0.056	0.1  	1.6457  1.5014  1.2787  -0.3    0.2992  
6       1.6435  6.7     21.75   6.16    47.295  24.258  99.95   2.e-3	0.1  	1.6457  1.5014  1.2774  -0.3    0.2992  
6       1.6461  6.7     21.78   6.16    47.24   24.319  99.95   6.e-3	0.1  	1.6457  1.5014  1.2774  -0.3    0.2995  
6-1                                                                           -0.109  -0.394  3.9335  0.1254  0.4387  

6-2     1.7802  6.91    29.89   6.66    37.32   21.848  99.95   1.405	0.4  	1.645   1.499   1.2975  -0.3    0.2997  
6-3     2.3169  7.17    27.02   7.37    27.189  22.298  99.95   -0.4 	0.4  	1.6442  1.4966  1.3179  -0.3    0.3002  
7       2.316   7.17    27.05   7.37    27.195  22.287  99.95   5.e-3	0.1  	1.6459  1.4966  1.3179  -0.3    0.3002  
7       2.3304  7.17    27.08   7.36    27.32   22.871  99.95   9.e-3	0.1  	1.6442  1.4981  1.3179  -0.3    0.3002  
7       2.371   7.18    26.17   7.41    26.581  22.476  99.95   -0.14	0.1  	1.6442  1.4966  1.3192  -0.3    0.3002  
7       2.3163  7.17    27.02   7.37    27.196  22.296  99.95   1.e-4	0.1  	1.6442  1.4966  1.3179  -0.301  0.3002  
7       2.3211  7.17    26.96   7.37    27.164  22.358  99.95   -0.01	0.1  	1.6442  1.4966  1.3179  -0.3    0.3005  
7-1                                                                           0.1509  0.2727  -4.262  3.e-3   -0.312  

7-2     1.7437  6.89    28.73   6.61    38.227  21.626  99.95   0.226	0.4  	1.6452  1.4983  1.2954  -0.3    0.2999  
7-3     1.6299  6.66    20.9    6.08    48.847  24.357  99.95   -1.29	0.4  	1.6462  1.4999  1.2734  -0.3    0.2995  
8       1.7431  6.89    28.76   6.61    38.229  21.608  99.95   5.e-3	0.08 	1.6466  1.4983  1.2954  -0.3    0.2999  
8       1.755   6.89    28.66   6.61    38.368  22.085  99.95   -0.01	0.08 	1.6452  1.4995  1.2954  -0.3    0.2999  
8       1.7589  6.9     29.36   6.64    37.72   21.604  99.95   0.1  	0.08 	1.6452  1.4983  1.2965  -0.3    0.2999  
8       1.7433  6.89    28.74   6.61    38.234  21.62   99.95   2.e-3	0.08 	1.6452  1.4983  1.2954  -0.301  0.2999  
8       1.7461  6.89    28.81   6.61    38.199  21.67   99.95   0.012	0.08 	1.6452  1.4983  1.2954  -0.3    0.3001  
8-1                                                                           0.1833  -0.437  3.8496  0.0633  0.4666  

8-2     1.8037  6.94    31.48   6.73    36.205  21.4    99.95   0.443	0.08 	1.6455  1.4977  1.2994  -0.3    0.3     
8-3     1.8795  6.98    34.54   6.85    34.183  21.29   99.95   0.474	0.08 	1.6457  1.4972  1.3034  -0.3    0.3001  
8-4     1.9727  7.03    35.2    6.98    32.169  21.295  99.95   0.108	0.08 	1.646   1.4967  1.3074  -0.3    0.3002  
8-5     2.0848  7.08    32.11   7.12    30.175  21.414  99.95   -0.45	0.08 	1.6462  1.4962  1.3115  -0.3    0.3003  
9       1.9725  7.03    35.25   6.98    32.17   21.292  99.95   7.e-3	0.016	1.6462  1.4967  1.3074  -0.3    0.3002  
9       1.9747  7.03    35.2    6.98    32.193  21.386  99.95   -9e-5	0.016	1.646   1.4969  1.3074  -0.3    0.3002  
9       1.9782  7.04    35.11   6.99    32.068  21.307  99.95   -9e-3	0.016	1.646   1.4967  1.3077  -0.3    0.3002  
9       1.9726  7.03    35.2    6.98    32.17   21.294  99.95   2.e-5	0.016	1.646   1.4967  1.3074  -0.3    0.3002  
9       1.9732  7.03    35.21   6.98    32.164  21.304  99.95   1.e-3	0.016	1.646   1.4967  1.3074  -0.3    0.3003  
9-1                                                                           2.0976  -0.024  -2.477  4.8e-3  0.3961  

9-2     1.9591  7.03    35.52   6.97    32.419  21.26   99.95   0.05 	0.016	1.6465  1.4967  1.3069  -0.3    0.3002  
9-3     1.9459  7.02    35.75   6.95    32.668  21.228  99.95   0.031	0.016	1.6471  1.4967  1.3064  -0.3    0.3002  
9-4     1.9329  7.01    35.9    6.93    32.918  21.197  99.95   0.019	0.016	1.6476  1.4967  1.3059  -0.3    0.3003  
9-5     1.9203  7.01    35.97   6.91    33.167  21.168  99.95   0.013	0.016	1.6482  1.4967  1.3054  -0.3    0.3003  
9-6     1.9079  7       35.94   6.89    33.417  21.14   99.95   -8e-3	0.016	1.6487  1.4967  1.3049  -0.3    0.3003  
10      1.9078  7       35.99   6.89    33.418  21.138  99.95   7.e-3	0.016	1.649   1.4967  1.3049  -0.3    0.3003  
10      1.91    7       35.92   6.89    33.442  21.232  99.95   -3e-3	0.016	1.6487  1.4969  1.3049  -0.3    0.3003  
10      1.9129  7       36      6.9     33.316  21.149  99.95   8.e-3	0.016	1.6487  1.4967  1.3051  -0.3    0.3003  
10      1.9078  7       35.94   6.89    33.419  21.139  99.95   2.e-5	0.016	1.6487  1.4967  1.3049  -0.3    0.3003  
10      1.9085  7       35.97   6.89    33.412  21.149  99.95   4.e-3	0.016	1.6487  1.4967  1.3049  -0.3    0.3004  
10-1                                                                          1.6326  -0.67   1.7337  3.6e-3  0.9604  

10-2    1.9154  7       36.16   6.9     33.221  21.1    99.95   0.031	0.016	1.6492  1.4965  1.3052  -0.3    0.3004  
10-3    1.9231  7.01    36.35   6.92    33.026  21.06   99.95   0.032	0.016	1.6496  1.4963  1.3056  -0.3    0.3004  
10-4    1.9309  7.01    36.48   6.92    32.83   21.021  99.95   0.017	0.016	1.65    1.4962  1.3059  -0.3    0.3004  
10-5    1.9389  7.02    36.56   6.94    32.635  20.984  99.95   0.016	0.016	1.6505  1.496   1.3063  -0.3    0.3005  
10-6    1.947   7.02    36.56   6.95    32.441  20.948  99.95   -2e-3	0.016	1.6509  1.4959  1.3067  -0.3    0.3005  
11      1.9469  7.02    36.61   6.95    32.441  20.945  99.95   7.e-3	0.016	1.6511  1.4959  1.3067  -0.3    0.3005  
11      1.949   7.02    36.55   6.95    32.465  21.039  99.95   -2e-3	0.016	1.6509  1.4961  1.3067  -0.3    0.3005  
11      1.9523  7.02    36.47   6.95    32.34   20.96   99.95   -0.01	0.016	1.6509  1.4959  1.3069  -0.3    0.3005  
11      1.9469  7.02    36.56   6.95    32.442  20.947  99.95   1.e-5	0.016	1.6509  1.4959  1.3067  -0.3    0.3005  
11      1.9476  7.02    36.58   6.95    32.436  20.957  99.95   3.e-3	0.016	1.6509  1.4959  1.3067  -0.3    0.3006  
11-1                                                                          1.4131  -0.298  -2.738  2.5e-3  0.5489  

11-2    1.9322  7.01    36.8    6.93    32.707  20.89   99.95   0.033	0.016	1.6513  1.4958  1.3061  -0.3    0.3006  
11-3    1.9177  7.01    36.91   6.92    32.974  20.836  99.95   0.019	0.016	1.6516  1.4957  1.3055  -0.3    0.3006  
11-4    1.9035  7       36.88   6.89    33.241  20.783  99.95   -7e-3	0.016	1.652   1.4956  1.3049  -0.3    0.3006  
12      1.9034  7       36.93   6.89    33.242  20.78   99.95   7.e-3	0.016	1.6523  1.4956  1.3049  -0.3    0.3006  
12      1.9055  7       36.86   6.89    33.266  20.874  99.95   -3e-3	0.016	1.652   1.4959  1.3049  -0.3    0.3006  
12      1.9085  7       36.94   6.9     33.14   20.792  99.95   8.e-3	0.016	1.652   1.4956  1.3052  -0.3    0.3006  
12      1.9034  7       36.88   6.89    33.242  20.782  99.95   1.e-5	0.016	1.652   1.4956  1.3049  -0.3    0.3006  
12      1.904   7       36.91   6.89    33.236  20.792  99.95   4.e-3	0.016	1.652   1.4956  1.3049  -0.3    0.3007  
12-1                                                                          1.633   -0.67   1.7336  2.8e-3  0.9607  

12-2    1.9111  7       37.1    6.9     33.046  20.743  99.95   0.031	0.016	1.6524  1.4955  1.3053  -0.3    0.3007  
12-3    1.9189  7.01    37.27   6.92    32.851  20.704  99.95   0.029	0.016	1.6529  1.4953  1.3057  -0.3    0.3007  
12-4    1.9268  7.01    37.37   6.93    32.657  20.667  99.95   0.013	0.016	1.6533  1.4952  1.306   -0.3    0.3008  
12-5    1.9348  7.02    37.39   6.94    32.463  20.63   99.95   7.e-3	0.016	1.6537  1.495   1.3064  -0.3    0.3008  
12-6    1.9431  7.02    37.32   6.95    32.269  20.594  99.95   -0.01	0.016	1.6542  1.4948  1.3068  -0.3    0.3008  
13      1.943   7.02    37.38   6.95    32.27   20.592  99.95   9.e-3	0.016	1.6544  1.4948  1.3068  -0.3    0.3008  
13      1.9451  7.02    37.32   6.95    32.293  20.686  99.95   -8e-5	0.016	1.6542  1.4951  1.3068  -0.3    0.3008  
13      1.9485  7.02    37.19   6.96    32.169  20.606  99.95   -0.02	0.016	1.6542  1.4948  1.307   -0.3    0.3008  
13      1.943   7.02    37.32   6.95    32.27   20.593  99.95   1.e-5	0.016	1.6542  1.4948  1.3068  -0.3    0.3008  
13      1.9436  7.02    37.34   6.95    32.264  20.603  99.95   3.e-3	0.016	1.6542  1.4948  1.3068  -0.3    0.3009  
13-1                                                                          1.3826  -0.012  -3.155  2.1e-3  0.4477  

13-2    1.9265  7.01    37.69   6.93    32.584  20.557  99.95   0.052	0.016	1.6545  1.4948  1.3061  -0.3    0.3009  
13-3    1.9103  7       37.85   6.9     32.899  20.522  99.95   0.021	0.016	1.6549  1.4948  1.3054  -0.3    0.3009  
13-4    1.8947  7       37.78   6.89    33.215  20.49   99.95   -7e-3	0.016	1.6553  1.4948  1.3048  -0.3    0.3009  
14      1.8945  7       37.83   6.89    33.215  20.487  99.95   7.e-3	0.016	1.6555  1.4948  1.3048  -0.3    0.3009  
14      1.8967  7       37.75   6.89    33.24   20.582  99.95   -4e-3	0.016	1.6553  1.4951  1.3048  -0.3    0.3009  
14      1.8996  7       37.85   6.89    33.115  20.5    99.95   9.e-3	0.016	1.6553  1.4948  1.305   -0.3    0.3009  
14      1.8946  7       37.78   6.89    33.216  20.489  99.95   1.e-5	0.016	1.6553  1.4948  1.3048  -0.3    0.3009  
14      1.8952  7       37.81   6.89    33.21   20.499  99.95   4.e-3	0.016	1.6553  1.4948  1.3048  -0.3    0.301   
14-1                                                                          1.4448  -0.88   1.8222  2.5e-3  0.8501  

14-2    1.9022  7       38.04   6.9     33.007  20.432  99.95   0.036	0.016	1.6556  1.4946  1.3052  -0.3    0.301   
14-3    1.91    7.01    38.22   6.92    32.799  20.374  99.95   0.03 	0.016	1.656   1.4944  1.3055  -0.3    0.301   
14-4    1.9179  7.01    38.3    6.92    32.592  20.317  99.95   1.e-2	0.016	1.6564  1.4942  1.3059  -0.3    0.301   
14-5    1.926   7.02    38.27   6.94    32.385  20.262  99.95   -6e-4	0.016	1.6568  1.494   1.3063  -0.3    0.3011  
15      1.9259  7.02    38.34   6.94    32.385  20.26   99.95   0.01 	0.016	1.6571  1.494   1.3063  -0.3    0.3011  
15      1.9279  7.02    38.26   6.94    32.409  20.353  99.95   -2e-3	0.016	1.6568  1.4942  1.3063  -0.3    0.3011  
15      1.9313  7.02    38.15   6.95    32.284  20.274  99.95   -0.02	0.016	1.6568  1.494   1.3065  -0.3    0.3011  
15      1.9259  7.02    38.27   6.94    32.386  20.261  99.95   2.e-5	0.016	1.6568  1.494   1.3063  -0.3    0.3011  
15      1.9265  7.02    38.29   6.94    32.38   20.272  99.95   3.e-3	0.016	1.6568  1.494   1.3063  -0.3    0.3011  
15-1                                                                          1.5419  -0.231  -2.796  2.4e-3  0.4281  

15-2    1.911   7.01    38.58   6.92    32.658  20.209  99.95   0.042	0.016	1.6572  1.4939  1.3057  -0.3    0.3011  
15-3    1.8965  7       38.68   6.9     32.93   20.159  99.95   0.012	0.016	1.6576  1.4939  1.3051  -0.3    0.3011  
15-4    1.8823  6.99    38.56   6.88    33.203  20.11   99.95   -0.02	0.016	1.658   1.4938  1.3046  -0.3    0.3011  
16      1.8822  6.99    38.62   6.87    33.204  20.108  99.95   9.e-3	0.016	1.6583  1.4938  1.3046  -0.3    0.3011  
16      1.8842  6.99    38.53   6.87    33.228  20.202  99.95   -4e-3	0.016	1.658   1.4941  1.3046  -0.3    0.3011  
16      1.8872  7       38.68   6.89    33.103  20.12   99.95   0.022	0.016	1.658   1.4938  1.3048  -0.3    0.3011  
16      1.8822  6.99    38.56   6.88    33.205  20.11   99.95   2.e-5	0.016	1.658   1.4938  1.3046  -0.3    0.3011  
16      1.8828  6.99    38.6    6.88    33.199  20.12   99.95   6.e-3	0.016	1.658   1.4938  1.3046  -0.3    0.3012  
16-1                                                                          1.0645  -0.54   2.6941  2.e-3   0.6992  

16-2    1.8948  7       38.91   6.9     32.918  20.091  99.95   0.054	0.016	1.6583  1.4937  1.3051  -0.3    0.3012  
16-3    1.9076  7.01    39.03   6.92    32.633  20.074  99.95   0.02 	0.016	1.6586  1.4936  1.3057  -0.3    0.3012  
16-4    1.9208  7.01    38.89   6.93    32.348  20.059  99.95   -0.02	0.016	1.6589  1.4934  1.3062  -0.3    0.3012  
17      1.9207  7.01    38.96   6.93    32.348  20.057  99.95   0.01 	0.016	1.6591  1.4934  1.3062  -0.3    0.3012  
17      1.9228  7.01    38.88   6.93    32.372  20.151  99.95   -2e-3	0.016	1.6589  1.4937  1.3062  -0.3    0.3012  
17      1.9261  7.02    38.76   6.94    32.248  20.071  99.95   -0.01	0.016	1.6589  1.4934  1.3064  -0.3    0.3012  
17      1.9207  7.01    38.89   6.93    32.349  20.058  99.95   2.e-5	0.016	1.6589  1.4934  1.3062  -0.3    0.3012  
17      1.9214  7.01    38.91   6.93    32.343  20.069  99.95   3.e-3	0.016	1.6589  1.4934  1.3062  -0.3    0.3013  
17-1                                                                          1.7679  -0.265  -2.474  2.9e-3  0.4907  

17-2    1.9075  7.01    39.26   6.92    32.587  20.007  99.95   0.056	0.016	1.6593  1.4934  1.3057  -0.3    0.3013  
17-3    1.8945  7       39.43   6.9     32.826  19.956  99.95   0.021	0.016	1.6598  1.4933  1.3052  -0.3    0.3013  
17-4    1.8818  6.99    39.4    6.88    33.065  19.907  99.95   -8e-3	0.016	1.6603  1.4932  1.3047  -0.3    0.3013  
18      1.8817  6.99    39.46   6.88    33.065  19.905  99.95   9.e-3	0.016	1.6605  1.4932  1.3047  -0.3    0.3013  
18      1.8837  6.99    39.36   6.88    33.089  19.999  99.95   -6e-3	0.016	1.6603  1.4935  1.3047  -0.3    0.3013  
18      1.8867  7       39.5    6.89    32.965  19.917  99.95   0.019	0.016	1.6603  1.4932  1.3049  -0.3    0.3013  
18      1.8817  6.99    39.4    6.88    33.066  19.906  99.95   1.e-5	0.016	1.6603  1.4932  1.3047  -0.3    0.3013  
18      1.8823  6.99    39.44   6.88    33.06   19.916  99.95   6.e-3	0.016	1.6603  1.4932  1.3047  -0.3    0.3014  
18-1                                                                          1.1027  -0.743  2.4278  1.9e-3  0.7243  

18-2    1.8927  7       39.7    6.9     32.801  19.868  99.95   0.047	0.016	1.6606  1.4931  1.3052  -0.3    0.3013  
18-3    1.9039  7.01    39.78   6.92    32.538  19.83   99.95   0.015	0.016	1.6609  1.4929  1.3057  -0.3    0.3014  
18-4    1.9154  7.01    39.59   6.93    32.276  19.794  99.95   -0.03	0.016	1.6612  1.4927  1.3062  -0.3    0.3014  
19      1.9153  7.01    39.66   6.93    32.277  19.792  99.95   0.01 	0.016	1.6614  1.4927  1.3062  -0.3    0.3014  
19      1.9173  7.01    39.58   6.93    32.3    19.886  99.95   -2e-3	0.016	1.6612  1.493   1.3062  -0.3    0.3014  
19      1.9207  7.02    39.42   6.94    32.176  19.807  99.95   -0.02	0.016	1.6612  1.4927  1.3064  -0.3    0.3014  
19      1.9153  7.01    39.59   6.93    32.277  19.794  99.95   2.e-5	0.016	1.6612  1.4927  1.3062  -0.3    0.3014  
19      1.9159  7.01    39.61   6.93    32.271  19.804  99.95   3.e-3	0.016	1.6612  1.4927  1.3062  -0.3    0.3015  
19-1                                                                          1.4718  -0.22   -2.897  2.2e-3  0.4088  

19-2    1.8999  7.01    40.05   6.92    32.558  19.741  99.95   0.069	0.016	1.6615  1.4927  1.3056  -0.3    0.3014  
19-3    1.8849  7       40.19   6.89    32.84   19.69   99.95   0.017	0.016	1.6619  1.4926  1.305   -0.3    0.3015  
19-4    1.8703  6.99    39.98   6.87    33.122  19.642  99.95   -0.03	0.016	1.6623  1.4926  1.3044  -0.3    0.3015  
20      1.8702  6.99    40.04   6.87    33.122  19.639  99.95   9.e-3	0.016	1.6626  1.4926  1.3044  -0.3    0.3015  
20      1.8722  6.99    39.94   6.87    33.146  19.733  99.95   -6e-3	0.016	1.6623  1.4928  1.3044  -0.3    0.3015  
20      1.8752  6.99    40.13   6.88    33.022  19.651  99.95   0.021	0.016	1.6623  1.4926  1.3046  -0.3    0.3015  
20      1.8702  6.99    39.98   6.87    33.123  19.641  99.95   2.e-5	0.016	1.6623  1.4926  1.3044  -0.3    0.3015  
20      1.8708  6.99    40.02   6.87    33.117  19.651  99.95   6.e-3	0.016	1.6623  1.4926  1.3044  -0.3    0.3015  
20-1                                                                          1.0608  -0.715  2.5259  1.9e-3  0.6968  

20-2    1.8816  7       40.43   6.89    32.85   19.605  99.95   0.068	0.016	1.6626  1.4924  1.3049  -0.3    0.3015  
20-3    1.8933  7       40.59   6.9     32.578  19.57   99.95   0.02 	0.016	1.6629  1.4922  1.3054  -0.3    0.3015  
20-4    1.9052  7.01    40.43   6.92    32.308  19.537  99.95   -0.02	0.016	1.6632  1.492   1.306   -0.3    0.3016  
21      1.9051  7.01    40.51   6.92    32.308  19.535  99.95   0.011	0.016	1.6634  1.492   1.306   -0.3    0.3016  
21      1.9071  7.01    40.42   6.92    32.332  19.629  99.95   -2e-3	0.016	1.6632  1.4923  1.306   -0.3    0.3016  
21      1.9104  7.01    40.24   6.93    32.208  19.549  99.95   -0.03	0.016	1.6632  1.492   1.3062  -0.3    0.3016  
21      1.9051  7.01    40.43   6.92    32.309  19.537  99.95   2.e-5	0.016	1.6632  1.492   1.306   -0.3    0.3016  
21      1.9057  7.01    40.45   6.93    32.303  19.547  99.95   3.e-3	0.016	1.6632  1.492   1.306   -0.3    0.3016  
21-1                                                                          1.3031  -0.17   -3.208  1.7e-3  0.3167  

21-2    1.8884  7       40.86   6.9     32.621  19.486  99.95   0.059	0.016	1.6635  1.492   1.3053  -0.3    0.3016  
21-3    1.8721  6.99    40.8    6.88    32.935  19.436  99.95   -0.01	0.016	1.6639  1.492   1.3046  -0.3    0.3016  
22      1.872   6.99    40.88   6.88    32.935  19.434  99.95   0.011	0.016	1.6641  1.492   1.3046  -0.3    0.3016  
22      1.874   6.99    40.76   6.88    32.959  19.528  99.95   -6e-3	0.016	1.6639  1.4922  1.3046  -0.3    0.3016  
22      1.8771  7       40.92   6.89    32.835  19.446  99.95   0.022	0.016	1.6639  1.492   1.3048  -0.3    0.3016  
22      1.872   6.99    40.8    6.88    32.936  19.436  99.95   1.e-5	0.016	1.6639  1.492   1.3046  -0.3    0.3016  
22      1.8726  6.99    40.85   6.88    32.93   19.445  99.95   7.e-3	0.016	1.6639  1.492   1.3046  -0.3    0.3017  
22-1                                                                          1.2408  -0.627  2.364   1.6e-3  0.7665  

22-2    1.883   7       41.14   6.9     32.682  19.408  99.95   0.052	0.016	1.6642  1.4918  1.3051  -0.3    0.3016  
22-3    1.8941  7.01    41.17   6.92    32.429  19.38   99.95   8.e-3	0.016	1.6645  1.4917  1.3056  -0.3    0.3017  
22-4    1.9055  7.01    40.86   6.93    32.177  19.355  99.95   -0.05	0.016	1.6649  1.4915  1.3061  -0.3    0.3017  
23      1.8941  7.01    41.18   6.92    32.429  19.38   99.95   1.e-3	3.e-3	1.6646  1.4917  1.3056  -0.3    0.3017  
23      1.8945  7.01    41.16   6.92    32.434  19.399  99.95   -1e-3	3.e-3	1.6645  1.4917  1.3056  -0.3    0.3017  
23      1.8951  7.01    41.14   6.92    32.409  19.383  99.95   -4e-3	3.e-3	1.6645  1.4917  1.3057  -0.3    0.3017  
23      1.8941  7.01    41.17   6.92    32.429  19.38   99.95   3.e-6	3.e-3	1.6645  1.4917  1.3056  -0.3    0.3017  
23      1.8942  7.01    41.17   6.92    32.428  19.382  99.95   -1e-5	3.e-3	1.6645  1.4917  1.3056  -0.3    0.3017  
23-1                                                                          0.9695  -0.977  -3.042  1.8e-3  -1.e-2  

23-2    1.8906  7       41.24   6.9     32.485  19.355  99.95   5.e-3	3.e-3	1.6646  1.4916  1.3055  -0.3    0.3017  
