
Run     SWR     Gain    F/B     F/R     R-a     X-a     Eff.    %Res.   %Stp  Lr      Ld      L1      L2      L3      L4      L5      xr      x1      x2      x3      x4      x5      

1-0     1.3514  10.11   26.82   10.54   45.435  13.664  100     0    	0    	0.5724  0.5641  0.5123  0.5122  0.4979  0.482   0.4806  -0.18   0.1996  0.42    0.7132  1.0624  1.4368  
1       1.3498  10.11   26.8    10.53   45.458  13.618  100     4.e-4	0.1  	0.5729  0.5641  0.5123  0.5122  0.4979  0.482   0.4806  -0.18   0.1996  0.42    0.7132  1.0624  1.4368  
1       1.3594  10.11   26.84   10.54   45.638  14.065  100     -2e-3	0.1  	0.5724  0.5647  0.5123  0.5122  0.4979  0.482   0.4806  -0.18   0.1996  0.42    0.7132  1.0624  1.4368  
1       1.4127  10.17   26.09   10.78   43.019  14.511  99.99   0.012	0.1  	0.5724  0.5641  0.5128  0.5122  0.4979  0.482   0.4806  -0.18   0.1996  0.42    0.7132  1.0624  1.4368  
1       1.4237  10.1    24.86   10.47   40.481  12.832  100     -0.02	0.1  	0.5724  0.5641  0.5123  0.5127  0.4979  0.482   0.4806  -0.18   0.1996  0.42    0.7132  1.0624  1.4368  
1       1.3345  10.06   27.14   10.57   42.609  11.133  100     -0.02	0.1  	0.5724  0.5641  0.5123  0.5122  0.4984  0.482   0.4806  -0.18   0.1996  0.42    0.7132  1.0624  1.4368  

Run     SWR     Gain    F/B     F/R     R-a     X-a     Eff.    %Res.   %Stp  Lr      Ld      L1      L2      L3      L4      L5      xr      x1      x2      x3      x4      x5      

2-0     1.3345  10.06   27.14   10.57   42.609  11.133  100     0    	0    	0.5724  0.5641  0.5123  0.5122  0.4984  0.482   0.4806  -0.18   0.1996  0.42    0.7132  1.0624  1.4368  
2       1.3332  10.05   27.13   10.55   42.626  11.094  100     -4e-3	0.1  	0.5729  0.5641  0.5123  0.5122  0.4984  0.482   0.4806  -0.18   0.1996  0.42    0.7132  1.0624  1.4368  
2       1.3401  10.05   27.15   10.56   42.798  11.526  100     -6e-3	0.1  	0.5724  0.5647  0.5123  0.5122  0.4984  0.482   0.4806  -0.18   0.1996  0.42    0.7132  1.0624  1.4368  
2       1.415   10.12   26.51   10.82   40.225  12.214  99.99   7.e-3	0.1  	0.5724  0.5641  0.5128  0.5122  0.4984  0.482   0.4806  -0.18   0.1996  0.42    0.7132  1.0624  1.4368  
2       1.4573  10.04   25.06   10.49   37.708  10.931  100     -0.04	0.1  	0.5724  0.5641  0.5123  0.5127  0.4984  0.482   0.4806  -0.18   0.1996  0.42    0.7132  1.0624  1.4368  
2       1.3628  10      27.21   10.6    39.621  9.141   99.99   -0.03	0.1  	0.5724  0.5641  0.5123  0.5122  0.4989  0.482   0.4806  -0.18   0.1996  0.42    0.7132  1.0624  1.4368  
2       1.3069  10.03   28.05   10.45   42.12   9.4692  100     -7e-3	0.1  	0.5724  0.5641  0.5123  0.5122  0.4984  0.4824  0.4806  -0.18   0.1996  0.42    0.7132  1.0624  1.4368  
2       1.3181  10.04   27.08   10.54   42.905  10.694  100     -5e-3	0.1  	0.5724  0.5641  0.5123  0.5122  0.4984  0.482   0.4811  -0.18   0.1996  0.42    0.7132  1.0624  1.4368  
2       1.3339  10.05   27.14   10.56   42.62   11.118  100     -4e-3	0.1  	0.5724  0.5641  0.5123  0.5122  0.4984  0.482   0.4806  -0.18   0.1996  0.42    0.7132  1.0624  1.4368  
2       1.3287  10.05   27.26   10.56   42.965  11.189  100     -3e-3	0.1  	0.5724  0.5641  0.5123  0.5122  0.4984  0.482   0.4806  -0.18   0.1998  0.42    0.7132  1.0624  1.4368  
2       1.347   10.06   26.97   10.59   42.453  11.523  99.99   -3e-3	0.1  	0.5724  0.5641  0.5123  0.5122  0.4984  0.482   0.4806  -0.18   0.1996  0.4205  0.7132  1.0624  1.4368  
2       1.3523  10.06   26.76   10.61   42.007  11.351  99.99   -4e-3	0.1  	0.5724  0.5641  0.5123  0.5122  0.4984  0.482   0.4806  -0.18   0.1996  0.42    0.7139  1.0624  1.4368  
2       1.3386  10.05   27.32   10.52   41.927  10.694  100     -6e-3	0.1  	0.5724  0.5641  0.5123  0.5122  0.4984  0.482   0.4806  -0.18   0.1996  0.42    0.7132  1.0635  1.4368  
2       1.3184  10.05   27.4    10.57   42.427  10.284  100     -5e-4	0.1  	0.5724  0.5641  0.5123  0.5122  0.4984  0.482   0.4806  -0.18   0.1996  0.42    0.7132  1.0624  1.4383  
2-1                                                                           -0.442  -0.623  0.7505  -4.153  -3.587  -0.706  -0.524  -0.46   -0.325  -0.327  -0.464  -0.583  -0.056  

2-2     23.176  9.88    0.89    0.89    3.2553  35.619  100     -5.58	7.97 	0.5522  0.5361  0.543   0.3426  0.3559  0.4549  0.4605  -0.173  0.1944  0.4091  0.6868  1.0131  1.4304  
3       1.3332  10.05   27.13   10.55   42.626  11.094  100     -4e-3	0.1  	0.5729  0.5641  0.5123  0.5122  0.4984  0.482   0.4806  -0.18   0.1996  0.42    0.7132  1.0624  1.4368  
3       1.3401  10.05   27.15   10.56   42.798  11.526  100     -6e-3	0.1  	0.5724  0.5647  0.5123  0.5122  0.4984  0.482   0.4806  -0.18   0.1996  0.42    0.7132  1.0624  1.4368  
3       1.415   10.12   26.51   10.82   40.225  12.214  99.99   7.e-3	0.1  	0.5724  0.5641  0.5128  0.5122  0.4984  0.482   0.4806  -0.18   0.1996  0.42    0.7132  1.0624  1.4368  
3       1.4573  10.04   25.06   10.49   37.708  10.931  100     -0.04	0.1  	0.5724  0.5641  0.5123  0.5127  0.4984  0.482   0.4806  -0.18   0.1996  0.42    0.7132  1.0624  1.4368  
3       1.3628  10      27.21   10.6    39.621  9.141   99.99   -0.03	0.1  	0.5724  0.5641  0.5123  0.5122  0.4989  0.482   0.4806  -0.18   0.1996  0.42    0.7132  1.0624  1.4368  
3       1.3069  10.03   28.05   10.45   42.12   9.4692  100     -7e-3	0.1  	0.5724  0.5641  0.5123  0.5122  0.4984  0.4824  0.4806  -0.18   0.1996  0.42    0.7132  1.0624  1.4368  
3       1.3181  10.04   27.08   10.54   42.905  10.694  100     -5e-3	0.1  	0.5724  0.5641  0.5123  0.5122  0.4984  0.482   0.4811  -0.18   0.1996  0.42    0.7132  1.0624  1.4368  
3       1.3339  10.05   27.14   10.56   42.62   11.118  100     -4e-3	0.1  	0.5724  0.5641  0.5123  0.5122  0.4984  0.482   0.4806  -0.18   0.1996  0.42    0.7132  1.0624  1.4368  
3       1.3287  10.05   27.26   10.56   42.965  11.189  100     -3e-3	0.1  	0.5724  0.5641  0.5123  0.5122  0.4984  0.482   0.4806  -0.18   0.1998  0.42    0.7132  1.0624  1.4368  
3       1.347   10.06   26.97   10.59   42.453  11.523  99.99   -3e-3	0.1  	0.5724  0.5641  0.5123  0.5122  0.4984  0.482   0.4806  -0.18   0.1996  0.4205  0.7132  1.0624  1.4368  
3       1.3523  10.06   26.76   10.61   42.007  11.351  99.99   -4e-3	0.1  	0.5724  0.5641  0.5123  0.5122  0.4984  0.482   0.4806  -0.18   0.1996  0.42    0.7139  1.0624  1.4368  
3       1.3386  10.05   27.32   10.52   41.927  10.694  100     -6e-3	0.1  	0.5724  0.5641  0.5123  0.5122  0.4984  0.482   0.4806  -0.18   0.1996  0.42    0.7132  1.0635  1.4368  
3       1.3184  10.05   27.4    10.57   42.427  10.284  100     -5e-4	0.1  	0.5724  0.5641  0.5123  0.5122  0.4984  0.482   0.4806  -0.18   0.1996  0.42    0.7132  1.0624  1.4383  
3-1                                                                           -0.442  -0.623  0.7505  -4.153  -3.587  -0.706  -0.524  -0.46   -0.325  -0.327  -0.464  -0.583  -0.056  

3-2     15.951  11.2    24.34   9.65    5.9002  46.79   100     -3.16	1.594	0.5683  0.5585  0.5184  0.4782  0.4699  0.4765  0.4766  -0.179  0.1986  0.4178  0.7079  1.0526  1.4355  
4       1.3332  10.05   27.13   10.55   42.626  11.094  100     -4e-3	0.1  	0.5729  0.5641  0.5123  0.5122  0.4984  0.482   0.4806  -0.18   0.1996  0.42    0.7132  1.0624  1.4368  
4       1.3401  10.05   27.15   10.56   42.798  11.526  100     -6e-3	0.1  	0.5724  0.5647  0.5123  0.5122  0.4984  0.482   0.4806  -0.18   0.1996  0.42    0.7132  1.0624  1.4368  
4       1.415   10.12   26.51   10.82   40.225  12.214  99.99   7.e-3	0.1  	0.5724  0.5641  0.5128  0.5122  0.4984  0.482   0.4806  -0.18   0.1996  0.42    0.7132  1.0624  1.4368  
4       1.4573  10.04   25.06   10.49   37.708  10.931  100     -0.04	0.1  	0.5724  0.5641  0.5123  0.5127  0.4984  0.482   0.4806  -0.18   0.1996  0.42    0.7132  1.0624  1.4368  
4       1.3628  10      27.21   10.6    39.621  9.141   99.99   -0.03	0.1  	0.5724  0.5641  0.5123  0.5122  0.4989  0.482   0.4806  -0.18   0.1996  0.42    0.7132  1.0624  1.4368  
4       1.3069  10.03   28.05   10.45   42.12   9.4692  100     -7e-3	0.1  	0.5724  0.5641  0.5123  0.5122  0.4984  0.4824  0.4806  -0.18   0.1996  0.42    0.7132  1.0624  1.4368  
4       1.3181  10.04   27.08   10.54   42.905  10.694  100     -5e-3	0.1  	0.5724  0.5641  0.5123  0.5122  0.4984  0.482   0.4811  -0.18   0.1996  0.42    0.7132  1.0624  1.4368  
4       1.3339  10.05   27.14   10.56   42.62   11.118  100     -4e-3	0.1  	0.5724  0.5641  0.5123  0.5122  0.4984  0.482   0.4806  -0.18   0.1996  0.42    0.7132  1.0624  1.4368  
4       1.3287  10.05   27.26   10.56   42.965  11.189  100     -3e-3	0.1  	0.5724  0.5641  0.5123  0.5122  0.4984  0.482   0.4806  -0.18   0.1998  0.42    0.7132  1.0624  1.4368  
4       1.347   10.06   26.97   10.59   42.453  11.523  99.99   -3e-3	0.1  	0.5724  0.5641  0.5123  0.5122  0.4984  0.482   0.4806  -0.18   0.1996  0.4205  0.7132  1.0624  1.4368  
4       1.3523  10.06   26.76   10.61   42.007  11.351  99.99   -4e-3	0.1  	0.5724  0.5641  0.5123  0.5122  0.4984  0.482   0.4806  -0.18   0.1996  0.42    0.7139  1.0624  1.4368  
4       1.3386  10.05   27.32   10.52   41.927  10.694  100     -6e-3	0.1  	0.5724  0.5641  0.5123  0.5122  0.4984  0.482   0.4806  -0.18   0.1996  0.42    0.7132  1.0635  1.4368  
4       1.3184  10.05   27.4    10.57   42.427  10.284  100     -5e-4	0.1  	0.5724  0.5641  0.5123  0.5122  0.4984  0.482   0.4806  -0.18   0.1996  0.42    0.7132  1.0624  1.4383  
4-1                                                                           -0.442  -0.623  0.7505  -4.153  -3.587  -0.706  -0.524  -0.46   -0.325  -0.327  -0.464  -0.583  -0.056  

4-2     6.415   10.79   24.58   11.53   22.793  66.852  100     -0.94	0.319	0.5716  0.563   0.5135  0.5054  0.4927  0.4809  0.4798  -0.18   0.1994  0.4196  0.7122  1.0605  1.4366  
5       1.3336  10.05   27.13   10.56   42.62   11.108  100     -4e-3	0.064	0.5727  0.5641  0.5123  0.5122  0.4984  0.482   0.4806  -0.18   0.1996  0.42    0.7132  1.0624  1.4368  
5       1.338   10.05   27.14   10.56   42.729  11.384  100     -5e-3	0.064	0.5724  0.5645  0.5123  0.5122  0.4984  0.482   0.4806  -0.18   0.1996  0.42    0.7132  1.0624  1.4368  
5       1.3846  10.1    26.77   10.73   41.071  11.816  99.99   6.e-3	0.064	0.5724  0.5641  0.5126  0.5122  0.4984  0.482   0.4806  -0.18   0.1996  0.42    0.7132  1.0624  1.4368  
5       1.4061  10.05   25.77   10.52   39.428  10.929  100     -0.02	0.064	0.5724  0.5641  0.5123  0.5125  0.4984  0.482   0.4806  -0.18   0.1996  0.42    0.7132  1.0624  1.4368  
5       1.3474  10.02   27.21   10.59   40.712  9.8     100     -0.02	0.064	0.5724  0.5641  0.5123  0.5122  0.4987  0.482   0.4806  -0.18   0.1996  0.42    0.7132  1.0624  1.4368  
5       1.3159  10.04   27.7    10.49   42.314  10.071  100     -5e-3	0.064	0.5724  0.5641  0.5123  0.5122  0.4984  0.4823  0.4806  -0.18   0.1996  0.42    0.7132  1.0624  1.4368  
5       1.324   10.05   27.1    10.56   42.798  10.855  100     -2e-3	0.064	0.5724  0.5641  0.5123  0.5122  0.4984  0.482   0.4809  -0.18   0.1996  0.42    0.7132  1.0624  1.4368  
5       1.3341  10.05   27.13   10.56   42.616  11.124  100     -4e-3	0.064	0.5724  0.5641  0.5123  0.5122  0.4984  0.482   0.4806  -0.18   0.1996  0.42    0.7132  1.0624  1.4368  
5       1.3308  10.05   27.21   10.56   42.835  11.168  100     -4e-3	0.064	0.5724  0.5641  0.5123  0.5122  0.4984  0.482   0.4806  -0.18   0.1997  0.42    0.7132  1.0624  1.4368  
5       1.3424  10.06   27.03   10.58   42.509  11.382  100     -2e-3	0.064	0.5724  0.5641  0.5123  0.5122  0.4984  0.482   0.4806  -0.18   0.1996  0.4203  0.7132  1.0624  1.4368  
5       1.3458  10.06   26.89   10.6    42.222  11.271  100     -3e-3	0.064	0.5724  0.5641  0.5123  0.5122  0.4984  0.482   0.4806  -0.18   0.1996  0.42    0.7137  1.0624  1.4368  
5       1.3368  10.05   27.25   10.54   42.174  10.849  100     -5e-3	0.064	0.5724  0.5641  0.5123  0.5122  0.4984  0.482   0.4806  -0.18   0.1996  0.42    0.7132  1.0631  1.4368  
5       1.324   10.05   27.3    10.57   42.497  10.59   100     -2e-3	0.064	0.5724  0.5641  0.5123  0.5122  0.4984  0.482   0.4806  -0.18   0.1996  0.42    0.7132  1.0624  1.4377  
5-1                                                                           -0.659  -0.826  0.8607  -3.403  -3.249  -0.679  -0.295  -0.676  -0.55   -0.303  -0.428  -0.779  -0.293  

5-2     1.6175  10.24   30.46   10.87   56.84   24.963  99.99   0.011	0.064	0.5721  0.5638  0.5126  0.511   0.4974  0.4818  0.4805  -0.18   0.1995  0.42    0.713   1.0619  1.4365  
5-3     2.3274  10.39   30.7    11.11   58.346  46.247  99.99   -0.11	0.064	0.5719  0.5635  0.5129  0.5099  0.4963  0.4815  0.4804  -0.18   0.1995  0.4199  0.7128  1.0614  1.4363  
6       1.6172  10.24   30.45   10.87   56.847  24.954  99.99   7.e-5	0.013	0.5722  0.5638  0.5126  0.511   0.4974  0.4818  0.4805  -0.18   0.1995  0.42    0.713   1.0619  1.4365  
6       1.6191  10.24   30.47   10.87   56.874  25.02   99.99   -4e-4	0.013	0.5721  0.5639  0.5126  0.511   0.4974  0.4818  0.4805  -0.18   0.1995  0.42    0.713   1.0619  1.4365  
6       1.6166  10.24   30.29   10.89   56.531  24.941  99.99   2.e-4	0.013	0.5721  0.5638  0.5127  0.511   0.4974  0.4818  0.4805  -0.18   0.1995  0.42    0.713   1.0619  1.4365  
6       1.6023  10.24   30.11   10.87   56.291  24.446  99.99   4.e-3	0.013	0.5721  0.5638  0.5126  0.5111  0.4974  0.4818  0.4805  -0.18   0.1995  0.42    0.713   1.0619  1.4365  
6       1.6005  10.23   30.63   10.87   56.7    24.367  99.99   -3e-4	0.013	0.5721  0.5638  0.5126  0.511   0.4974  0.4818  0.4805  -0.18   0.1995  0.42    0.713   1.0619  1.4365  
