
Run     SWR     Gain    F/B     F/R     R-a     X-a     Eff.    %Res.   %Stp  Lr      Ld      Ld1     xr      xd1     

1-0     999     1.78    0       0       2.8e-9  -2.4e7  100.4   0    	0    	1.65    1.5     1.35    -0.3    -0.3    
1       999     1.76    0       0       3.e-9   -2.4e7  99.86   -1e-2	0.1  	1.6517  1.5     1.35    -0.3    -0.3    
1       999     1.78    0       0       2.8e-9  -2.4e7  100.4   5e-15	0.1  	1.65    1.5015  1.35    -0.3    -0.3    
1       999     1.76    0       0       3.e-9   -2.4e7  99.87   -1e-2	0.1  	1.65    1.5     1.3514  -0.3    -0.3    
1       999     1.75    0       0       3.e-9   -2.4e7  99.63   -0.01	0.1  	1.65    1.5     1.35    -0.3    -0.3    
1       999     1.78    0       0       3.e-9   -2.4e7  100.4   5e-13	0.1  	1.65    1.5     1.35    -0.3    -0.3    
1-1                                                                           -1.429  8.e-13  -1.429  -2.143  8.e-11  

1-2     999     1.76    0       0       2.8e-9  -2.4e7  99.89   -1e-2	10   	1.4143  1.5     1.1571  -0.236  -0.3    
2       999     1.76    0       0       3.e-9   -2.4e7  99.86   -1e-2	0.1  	1.6517  1.5     1.35    -0.3    -0.3    
2       999     1.78    0       0       2.8e-9  -2.4e7  100.4   5e-15	0.1  	1.65    1.5015  1.35    -0.3    -0.3    
2       999     1.76    0       0       3.e-9   -2.4e7  99.87   -1e-2	0.1  	1.65    1.5     1.3514  -0.3    -0.3    
2       999     1.75    0       0       3.e-9   -2.4e7  99.63   -0.01	0.1  	1.65    1.5     1.35    -0.3    -0.3    
2       999     1.78    0       0       3.e-9   -2.4e7  100.4   5e-13	0.1  	1.65    1.5     1.35    -0.3    -0.3    
2-1                                                                           -1.429  8.e-13  -1.429  -2.143  8.e-11  

2-2     999     1.76    0       0       2.9e-9  -2.4e7  99.86   -1e-2	2    	1.6029  1.5     1.3114  -0.287  -0.3    
3       999     1.76    0       0       3.e-9   -2.4e7  99.86   -1e-2	0.1  	1.6517  1.5     1.35    -0.3    -0.3    
3       999     1.78    0       0       2.8e-9  -2.4e7  100.4   5e-15	0.1  	1.65    1.5015  1.35    -0.3    -0.3    
3       999     1.76    0       0       3.e-9   -2.4e7  99.87   -1e-2	0.1  	1.65    1.5     1.3514  -0.3    -0.3    
3       999     1.75    0       0       3.e-9   -2.4e7  99.63   -0.01	0.1  	1.65    1.5     1.35    -0.3    -0.3    
3       999     1.78    0       0       3.e-9   -2.4e7  100.4   5e-13	0.1  	1.65    1.5     1.35    -0.3    -0.3    
3-1                                                                           -1.429  8.e-13  -1.429  -2.143  8.e-11  

3-2     999     1.77    0       0       3.e-9   -2.4e7  100.1   -5e-3	0.4  	1.6406  1.5     1.3423  -0.297  -0.3    
4       999     1.76    0       0       3.e-9   -2.4e7  99.88   -1e-2	0.08 	1.6513  1.5     1.35    -0.3    -0.3    
4       999     1.78    0       0       2.8e-9  -2.4e7  100.5   3e-14	0.08 	1.65    1.5012  1.35    -0.3    -0.3    
4       999     1.75    0       0       3.e-9   -2.4e7  99.83   -0.01	0.08 	1.65    1.5     1.3511  -0.3    -0.3    
4       999     1.76    0       0       3.e-9   -2.4e7  99.95   -1e-2	0.08 	1.65    1.5     1.35    -0.3    -0.3    
4       999     1.75    0       0       3.e-9   -2.4e7  99.8    -0.01	0.08 	1.65    1.5     1.35    -0.3    -0.3    
4-1                                                                           -1      3.e-12  -1.5    -1      -1.5    

4-2     999     1.75    0       0       3.e-9   -2.4e7  99.83   -0.01	0.08 	1.6487  1.5     1.3484  -0.3    -0.3    
