
Run     SWR     Gain    F/B     F/R     R-a     X-a     Eff.    %Res.   %Stp  Lr      Ld      L1      L2      L3      L5      L4      

1-0     2.0597  10.2    34.12   10.71   66.202  39.272  100     0    	0    	0.5719  0.5653  0.5116  0.5103  0.498   0.4804  0.4788  
1       2.057   10.2    34.09   10.68   66.316  39.175  100     -5e-3	0.1  	0.5725  0.5653  0.5116  0.5103  0.498   0.4804  0.4788  
1       2.0759  10.2    34.14   10.71   66.525  39.77   100     -4e-3	0.1  	0.5719  0.5658  0.5116  0.5103  0.498   0.4804  0.4788  
1       2.0282  10.24   32.63   10.8    64.248  38.358  100     -0.28	0.1  	0.5719  0.5653  0.5122  0.5103  0.498   0.4804  0.4788  
1       1.8781  10.19   30.7    10.71   63.667  33.468  100     -0.69	0.1  	0.5719  0.5653  0.5116  0.5108  0.498   0.4804  0.4788  
1       1.9024  10.14   35.96   10.61   67.186  33.803  100     0.439	0.1  	0.5719  0.5653  0.5116  0.5103  0.4985  0.4804  0.4788  
1       2.0653  10.19   33.8    10.61   66.964  39.396  100     -0.08	0.1  	0.5719  0.5653  0.5116  0.5103  0.498   0.4809  0.4788  
1       2.0204  10.18   35.94   10.7    68.262  37.755  100     0.412	0.1  	0.5719  0.5653  0.5116  0.5103  0.498   0.4804  0.4793  
1-1                                                                           -0.02   -0.013  -1.035  -2.515  1.6051  -0.307  1.5046  

1-2     5.1179  9.04    12.29   9.31    81.836  112     100     -7.53	0.522	0.5719  0.5652  0.5089  0.5036  0.5022  0.4797  0.4825  
2       2.057   10.2    34.09   10.68   66.316  39.175  100     -5e-3	0.1  	0.5725  0.5653  0.5116  0.5103  0.498   0.4804  0.4788  
2       2.0759  10.2    34.14   10.71   66.525  39.77   100     -4e-3	0.1  	0.5719  0.5658  0.5116  0.5103  0.498   0.4804  0.4788  
2       2.0282  10.24   32.63   10.8    64.248  38.358  100     -0.28	0.1  	0.5719  0.5653  0.5122  0.5103  0.498   0.4804  0.4788  
2       1.8781  10.19   30.7    10.71   63.667  33.468  100     -0.69	0.1  	0.5719  0.5653  0.5116  0.5108  0.498   0.4804  0.4788  
2       1.9024  10.14   35.96   10.61   67.186  33.803  100     0.439	0.1  	0.5719  0.5653  0.5116  0.5103  0.4985  0.4804  0.4788  
2       2.0653  10.19   33.8    10.61   66.964  39.396  100     -0.08	0.1  	0.5719  0.5653  0.5116  0.5103  0.498   0.4809  0.4788  
2       2.0204  10.18   35.94   10.7    68.262  37.755  100     0.412	0.1  	0.5719  0.5653  0.5116  0.5103  0.498   0.4804  0.4793  
2-1                                                                           -0.02   -0.013  -1.035  -2.515  1.6051  -0.307  1.5046  

2-2     2.364   10.04   32.25   10.47   78.775  47.662  100     -0.72	0.104	0.5719  0.5653  0.5111  0.5089  0.4988  0.4803  0.4795  
3       2.0592  10.2    34.11   10.7    66.226  39.251  100     -2e-3	0.021	0.572   0.5653  0.5116  0.5103  0.498   0.4804  0.4788  
3       2.0631  10.2    34.12   10.71   66.27   39.376  100     -2e-3	0.021	0.5719  0.5654  0.5116  0.5103  0.498   0.4804  0.4788  
3       2.0528  10.21   33.83   10.73   65.799  39.073  100     -0.05	0.021	0.5719  0.5653  0.5117  0.5103  0.498   0.4804  0.4788  
3       2.0199  10.2    33.3    10.71   65.761  38.013  100     -0.16	0.021	0.5719  0.5653  0.5116  0.5104  0.498   0.4804  0.4788  
3       2.0262  10.19   34.55   10.69   66.48   38.157  100     0.105	0.021	0.5719  0.5653  0.5116  0.5103  0.4981  0.4804  0.4788  
3       2.0609  10.2    34.06   10.69   66.359  39.298  100     -0.01	0.021	0.5719  0.5653  0.5116  0.5103  0.498   0.4805  0.4788  
3       2.0514  10.2    34.49   10.71   66.632  38.972  100     0.088	0.021	0.5719  0.5653  0.5116  0.5103  0.498   0.4804  0.4789  
3-1                                                                           -0.032  -0.028  -0.863  -2.697  1.7146  -0.231  1.4341  

3-2     2.1087  10.17   39.23   10.66   68.762  40.647  100     1.099	0.021	0.5719  0.5653  0.5115  0.51    0.4982  0.4804  0.4789  
3-3     2.1656  10.14   53.15   10.61   71.328  42.22   100     2.964	0.021	0.5719  0.5653  0.5115  0.5097  0.4983  0.4804  0.4791  
3-4     2.2305  10.11   42.82   10.57   73.854  44.018  100     -2.1 	0.021	0.5719  0.5653  0.5114  0.5094  0.4985  0.4804  0.4792  
4       2.2298  10.11   42.86   10.56   73.884  43.992  100     9.e-3	0.021	0.572   0.5653  0.5114  0.5094  0.4985  0.4804  0.4792  
4       2.234   10.11   42.8    10.57   73.931  44.125  100     -6e-3	0.021	0.5719  0.5654  0.5114  0.5094  0.4985  0.4804  0.4792  
4       2.2197  10.12   43.84   10.59   73.47   43.718  100     0.23 	0.021	0.5719  0.5653  0.5115  0.5094  0.4985  0.4804  0.4792  
4       2.1843  10.11   45.09   10.57   73.598  42.496  100     0.503	0.021	0.5719  0.5653  0.5114  0.5095  0.4985  0.4804  0.4792  
4       2.1967  10.1    41.25   10.55   74.339  42.788  100     -0.32	0.021	0.5719  0.5653  0.5114  0.5094  0.4986  0.4804  0.4792  
4       2.2329  10.11   43.02   10.55   74.025  44.072  100     0.041	0.021	0.5719  0.5653  0.5114  0.5094  0.4985  0.4805  0.4792  
4       2.2249  10.11   41.86   10.57   74.379  43.744  100     -0.2 	0.021	0.5719  0.5653  0.5114  0.5094  0.4985  0.4804  0.4793  
4-1                                                                           0.0468  -0.032  1.2269  2.6819  -1.727  0.2188  -1.067  

4-2     2.161   10.14   54.52   10.62   71.358  42.065  100     2.537	0.021	0.5719  0.5652  0.5115  0.5097  0.4983  0.4804  0.4791  
4-3     2.0988  10.18   39.4    10.68   68.804  40.318  100     -2.89	0.021	0.5719  0.5652  0.5116  0.51    0.4982  0.4804  0.479   
5       2.0983  10.18   39.38   10.67   68.829  40.296  100     -4e-3	0.021	0.572   0.5652  0.5116  0.51    0.4982  0.4804  0.479   
5       2.1022  10.18   39.41   10.68   68.874  40.423  100     4.e-4	0.021	0.5719  0.5654  0.5116  0.51    0.4982  0.4804  0.479   
5       2.0906  10.18   38.79   10.69   68.402  40.089  100     -0.13	0.021	0.5719  0.5652  0.5117  0.51    0.4982  0.4804  0.479   
5       2.0569  10.17   37.97   10.67   68.397  38.971  100     -0.3 	0.021	0.5719  0.5652  0.5116  0.5101  0.4982  0.4804  0.479   
5       2.0651  10.16   40.31   10.65   69.13   39.151  100     0.196	0.021	0.5719  0.5652  0.5116  0.51    0.4983  0.4804  0.479   
5       2.1004  10.17   39.26   10.65   68.968  40.351  100     -0.04	0.021	0.5719  0.5652  0.5116  0.51    0.4982  0.4805  0.479   
5       2.0913  10.17   40.06   10.67   69.261  40.015  100     0.138	0.021	0.5719  0.5652  0.5116  0.51    0.4982  0.4804  0.4791  
5-1                                                                           -0.035  3.9e-3  -1.114  -2.592  1.7055  -0.351  1.1982  

5-2     2.1121  10.17   41.35   10.67   69.433  40.685  100     0.407	5.e-3	0.5719  0.5652  0.5116  0.5099  0.4982  0.4804  0.479   

Run     SWR     Gain    F/B     F/R     R-a     X-a     Eff.    %Res.   %Stp  Lr      Ld      L1      L2      L3      L5      L4      

6-0     2.1121  10.17   41.35   10.67   69.433  40.685  100     0    	0    	0.5719  0.5652  0.5116  0.5099  0.4982  0.4804  0.479   
6       2.1093  10.17   41.17   10.64   69.556  40.577  100     -0.04	0.1  	0.5725  0.5652  0.5116  0.5099  0.4982  0.4804  0.479   
6       2.1285  10.17   41.41   10.67   69.774  41.188  100     5.e-3	0.1  	0.5719  0.5658  0.5116  0.5099  0.4982  0.4804  0.479   
6       2.0725  10.21   37.71   10.75   67.482  39.586  100     -0.73	0.1  	0.5719  0.5652  0.5121  0.5099  0.4982  0.4804  0.479   
6       1.9159  10.16   34.86   10.66   67.054  34.308  100     -1.3 	0.1  	0.5719  0.5652  0.5116  0.5104  0.4982  0.4804  0.479   
6       1.9537  10.1    44.07   10.55   70.704  34.888  100     0.61 	0.1  	0.5719  0.5652  0.5116  0.5099  0.4987  0.4804  0.479   
6       2.12    10.16   40.53   10.57   70.228  40.848  100     -0.19	0.1  	0.5719  0.5652  0.5116  0.5099  0.4982  0.4809  0.479   
6       2.0777  10.15   44.93   10.66   71.662  39.164  100     0.768	0.1  	0.5719  0.5652  0.5116  0.5099  0.4982  0.4804  0.4795  
6-1                                                                           -0.071  8.7e-3  -1.405  -2.498  1.1765  -0.36   1.4807  

6-2     3.6469  9.72    19.12   10.1    84.908  83.289  100     -5.86	0.275	0.5718  0.5653  0.5096  0.5064  0.4998  0.4799  0.481   
7       2.1106  10.17   41.28   10.65   69.501  40.626  100     -0.01	0.055	0.5722  0.5652  0.5116  0.5099  0.4982  0.4804  0.479   
7       2.1212  10.17   41.38   10.67   69.621  40.962  100     2.e-3	0.055	0.5719  0.5656  0.5116  0.5099  0.4982  0.4804  0.479   
7       2.0897  10.19   39.31   10.71   68.362  40.064  100     -0.41	0.055	0.5719  0.5652  0.5119  0.5099  0.4982  0.4804  0.479   
7       2.0016  10.16   37.25   10.66   68.274  37.107  100     -0.83	0.055	0.5719  0.5652  0.5116  0.5102  0.4982  0.4804  0.479   
7       2.0235  10.13   44.02   10.6    70.253  37.526  100     0.586	0.055	0.5719  0.5652  0.5116  0.5099  0.4985  0.4804  0.479   
7       2.1165  10.16   40.92   10.61   69.868  40.776  100     -0.1 	0.055	0.5719  0.5652  0.5116  0.5099  0.4982  0.4807  0.479   
7       2.093   10.16   43.59   10.66   70.662  39.872  100     0.481	0.055	0.5719  0.5652  0.5116  0.5099  0.4982  0.4804  0.4793  
7-1                                                                           -0.041  5.3e-3  -1.185  -2.392  1.6938  -0.293  1.3901  

7-2     2.2572  10.08   36.79   10.53   76.212  44.509  100     -1.11	0.055	0.5719  0.5652  0.5113  0.5093  0.4987  0.4803  0.4794  

Run     SWR     Gain    F/B     F/R     R-a     X-a     Eff.    %Res.   %Stp  Lr      Ld      L1      L2      L3      L5      L4      

8-0     2.2572  10.08   36.79   10.53   76.212  44.509  100     0    	0    	0.5719  0.5652  0.5113  0.5093  0.4987  0.4803  0.4794  
8       2.2541  10.07   36.78   10.49   76.359  44.375  100     -5e-3	0.1  	0.5725  0.5652  0.5113  0.5093  0.4987  0.4803  0.4794  
8       2.2743  10.08   36.75   10.53   76.592  45.023  100     -0.02	0.1  	0.5719  0.5658  0.5113  0.5093  0.4987  0.4803  0.4794  
8       2.2028  10.12   38.83   10.61   74.341  42.997  100     0.496	0.1  	0.5719  0.5652  0.5118  0.5093  0.4987  0.4803  0.4794  
8       2.0365  10.07   42.76   10.52   74.457  36.957  100     1.426	0.1  	0.5719  0.5652  0.5113  0.5098  0.4987  0.4803  0.4794  
8       2.0998  10.01   33.25   10.41   78.295  38.135  100     -0.73	0.1  	0.5719  0.5652  0.5113  0.5093  0.4992  0.4803  0.4794  
8       2.2699  10.06   37.13   10.42   77.058  44.779  100     0.059	0.1  	0.5719  0.5652  0.5113  0.5093  0.4987  0.4808  0.4794  
8       2.2341  10.05   34.33   10.51   78.842  43.077  100     -0.55	0.1  	0.5719  0.5652  0.5113  0.5093  0.4987  0.4803  0.4799  
8-1                                                                           -0.011  -0.037  1.0581  3.0387  -1.565  0.1268  -1.163  

8-2     2.0399  10.4    18.72   11.24   38.03   29.406  99.99   -3.74	0.304	0.5719  0.5652  0.5129  0.514   0.4963  0.4805  0.4777  
9       2.2553  10.08   36.8    10.51   76.301  44.427  100     3.e-3	0.061	0.5722  0.5652  0.5113  0.5093  0.4987  0.4803  0.4794  
9       2.2676  10.08   36.77   10.53   76.443  44.822  100     -1e-2	0.061	0.5719  0.5656  0.5113  0.5093  0.4987  0.4803  0.4794  
9       2.2237  10.1    38.15   10.57   75.085  43.576  100     0.326	0.061	0.5719  0.5652  0.5116  0.5093  0.4987  0.4803  0.4794  
9       2.1205  10.07   40.38   10.52   75.326  39.856  100     0.858	0.061	0.5719  0.5652  0.5113  0.5096  0.4987  0.4803  0.4794  
9       2.1602  10.03   34.52   10.45   77.604  40.693  100     -0.48	0.061	0.5719  0.5652  0.5113  0.5093  0.499   0.4803  0.4794  
9       2.2649  10.07   37.01   10.46   76.724  44.674  100     0.04 	0.061	0.5719  0.5652  0.5113  0.5093  0.4987  0.4806  0.4794  
9       2.243   10.06   35.26   10.51   77.809  43.665  100     -0.34	0.061	0.5719  0.5652  0.5113  0.5093  0.4987  0.4803  0.4797  
9-1                                                                           0.0108  -0.033  1.1136  2.9249  -1.621  0.1368  -1.16   

9-2     2.0239  10.17   37.8    10.68   68.425  37.85   100     0.382	0.061	0.5719  0.5652  0.5116  0.5102  0.4982  0.4804  0.4791  
9-3     1.874   10.24   28.12   10.82   60.244  33.51   100     -2.01	0.061	0.5719  0.5652  0.512   0.5111  0.4977  0.4804  0.4787  
10      2.0236  10.17   37.8    10.68   68.439  37.837  100     2.e-4	0.012	0.572   0.5652  0.5116  0.5102  0.4982  0.4804  0.4791  
10      2.0258  10.17   37.8    10.68   68.466  37.911  100     -1e-3	0.012	0.5719  0.5653  0.5116  0.5102  0.4982  0.4804  0.4791  
10      2.0191  10.17   37.53   10.68   68.176  37.724  100     -0.06	0.012	0.5719  0.5652  0.5117  0.5102  0.4982  0.4804  0.4791  
10      2       10.16   37.04   10.67   68.136  37.075  100     -0.16	0.012	0.5719  0.5652  0.5116  0.5102  0.4982  0.4804  0.4791  
10      2.0047  10.16   38.18   10.66   68.568  37.17   100     0.088	0.012	0.5719  0.5652  0.5116  0.5102  0.4982  0.4804  0.4791  
10      2.0246  10.17   37.75   10.67   68.52   37.862  100     -0.01	0.012	0.5719  0.5652  0.5116  0.5102  0.4982  0.4804  0.4791  
10      2.0193  10.16   38.14   10.67   68.677  37.657  100     0.072	0.012	0.5719  0.5652  0.5116  0.5102  0.4982  0.4804  0.4791  
10-1                                                                          3.e-3   -0.018  -1.022  -2.863  1.5903  -0.204  1.3     

10-2    2.0625  10.15   42.4    10.65   70.028  38.928  100     0.98 	0.012	0.5719  0.5652  0.5115  0.51    0.4983  0.4803  0.4791  
10-3    2.1041  10.13   52.53   10.62   71.616  40.093  100     2.119	0.012	0.5719  0.5652  0.5115  0.5098  0.4984  0.4803  0.4792  
10-4    2.1488  10.12   49.39   10.6    73.173  41.353  100     -0.65	0.012	0.5719  0.5652  0.5114  0.5096  0.4985  0.4803  0.4793  
11      2.1484  10.12   49.51   10.59   73.189  41.338  100     0.024	0.012	0.572   0.5652  0.5114  0.5096  0.4985  0.4803  0.4793  
11      2.1508  10.12   49.37   10.6    73.217  41.415  100     -5e-3	0.012	0.5719  0.5653  0.5114  0.5096  0.4985  0.4803  0.4793  
11      2.1428  10.12   50.9    10.6    72.936  41.189  100     0.308	0.012	0.5719  0.5652  0.5115  0.5096  0.4985  0.4803  0.4793  
11      2.1225  10.11   51.87   10.59   72.964  40.476  100     0.51 	0.012	0.5719  0.5652  0.5114  0.5097  0.4985  0.4803  0.4793  
11      2.129   10.11   47.35   10.58   73.408  40.615  100     -0.41	0.012	0.5719  0.5652  0.5114  0.5096  0.4985  0.4803  0.4793  
11      2.15    10.11   49.71   10.57   73.273  41.376  100     0.059	0.012	0.5719  0.5652  0.5114  0.5096  0.4985  0.4804  0.4793  
11      2.1453  10.11   48.36   10.59   73.462  41.174  100     -0.21	0.012	0.5719  0.5652  0.5114  0.5096  0.4985  0.4803  0.4793  
11-1                                                                          0.1121  -0.023  1.4148  2.3408  -1.868  0.273   -0.968  

11-2    2.1192  10.14   54.99   10.63   71.67   40.601  100     1.156	0.012	0.5719  0.5652  0.5115  0.5098  0.4984  0.4803  0.4792  
11-3    2.0925  10.16   43.38   10.66   70.173  39.929  100     -2.24	0.012	0.5719  0.5652  0.5116  0.5099  0.4982  0.4804  0.4792  
12      2.0921  10.16   43.34   10.66   70.188  39.915  100     -8e-3	0.012	0.572   0.5652  0.5116  0.5099  0.4982  0.4804  0.4792  
12      2.0944  10.16   43.38   10.66   70.214  39.989  100     -1e-3	0.012	0.5719  0.5653  0.5116  0.5099  0.4982  0.4804  0.4792  
12      2.0872  10.16   42.75   10.67   69.932  39.786  100     -0.13	0.012	0.5719  0.5652  0.5117  0.5099  0.4982  0.4804  0.4792  
12      2.0674  10.16   42.08   10.66   69.93   39.111  100     -0.26	0.012	0.5719  0.5652  0.5116  0.51    0.4982  0.4804  0.4792  
12      2.0729  10.15   44.3    10.65   70.364  39.23   100     0.199	0.012	0.5719  0.5652  0.5116  0.5099  0.4983  0.4804  0.4792  
12      2.0934  10.16   43.24   10.65   70.27   39.947  100     -0.03	0.012	0.5719  0.5652  0.5116  0.5099  0.4982  0.4804  0.4792  
12      2.0883  10.16   43.96   10.66   70.442  39.746  100     0.124	0.012	0.5719  0.5652  0.5116  0.5099  0.4982  0.4804  0.4792  
12-1                                                                          -0.077  -9.e-3  -1.208  -2.425  1.8488  -0.278  1.154   

12-2    2.1201  10.14   55.55   10.63   71.691  40.631  100     2.541	0.012	0.5719  0.5652  0.5115  0.5098  0.4984  0.4803  0.4792  
12-3    2.1499  10.12   49.22   10.6    73.204  41.386  100     -1.25	0.012	0.5719  0.5652  0.5114  0.5096  0.4985  0.4803  0.4793  
13      2.1496  10.12   49.27   10.59   73.22   41.371  100     0.01 	0.012	0.572   0.5652  0.5114  0.5096  0.4985  0.4803  0.4793  
13      2.1519  10.12   49.2    10.6    73.248  41.448  100     -5e-3	0.012	0.5719  0.5653  0.5114  0.5096  0.4985  0.4803  0.4793  
13      2.1437  10.12   50.47   10.6    72.961  41.218  100     0.256	0.012	0.5719  0.5652  0.5115  0.5096  0.4985  0.4803  0.4793  
13      2.1236  10.12   52.12   10.6    72.995  40.508  100     0.6  	0.012	0.5719  0.5652  0.5114  0.5097  0.4985  0.4803  0.4793  
13      2.1301  10.11   47.35   10.58   73.44   40.647  100     -0.37	0.012	0.5719  0.5652  0.5114  0.5096  0.4985  0.4803  0.4793  
13      2.1511  10.12   49.46   10.59   73.304  41.409  100     0.048	0.012	0.5719  0.5652  0.5114  0.5096  0.4985  0.4804  0.4793  
13      2.1463  10.11   48.02   10.59   73.501  41.202  100     -0.25	0.012	0.5719  0.5652  0.5114  0.5096  0.4985  0.4803  0.4794  
13-1                                                                          0.0469  -0.023  1.1654  2.7314  -1.697  0.2182  -1.118  

13-2    2.1089  10.14   54.53   10.63   71.666  40.249  100     1.105	0.012	0.5719  0.5652  0.5115  0.5098  0.4984  0.4803  0.4792  
13-3    2.0711  10.15   42.91   10.65   70.109  39.21   100     -2.25	0.012	0.5719  0.5652  0.5116  0.51    0.4983  0.4803  0.4792  
14      2.0708  10.15   42.89   10.65   70.123  39.196  100     -4e-3	0.012	0.572   0.5652  0.5116  0.51    0.4983  0.4803  0.4792  
14      2.073   10.15   42.92   10.65   70.15   39.27   100     1.e-3	0.012	0.5719  0.5653  0.5116  0.51    0.4983  0.4803  0.4792  
14      2.0658  10.16   42.37   10.67   69.862  39.069  100     -0.11	0.012	0.5719  0.5652  0.5117  0.51    0.4983  0.4803  0.4792  
14      2.0462  10.15   41.64   10.65   69.849  38.396  100     -0.26	0.012	0.5719  0.5652  0.5116  0.51    0.4983  0.4803  0.4792  
14      2.0518  10.15   43.71   10.65   70.284  38.514  100     0.179	0.012	0.5719  0.5652  0.5116  0.51    0.4983  0.4803  0.4792  
14      2.072   10.15   42.8    10.64   70.208  39.226  100     -0.02	0.012	0.5719  0.5652  0.5116  0.51    0.4983  0.4804  0.4792  
14      2.0669  10.15   43.51   10.65   70.374  39.022  100     0.129	0.012	0.5719  0.5652  0.5116  0.51    0.4983  0.4803  0.4792  
14-1                                                                          -0.041  0.0113  -1.07   -2.561  1.7898  -0.237  1.2904  

14-2    2.0783  10.15   44.66   10.65   70.502  39.395  100     0.366	3.e-3	0.5719  0.5652  0.5116  0.5099  0.4983  0.4803  0.4792  
